2021-05-16T13:26:52.628-0800: [GC (Allocation Failure) [PSYoungGen: 262144K->43504K(305664K)] 262144K->80158K(1005056K), 0.0301956 secs] [Times: user=0.04 sys=0.05, real=0.03 secs] 
2021-05-16T13:26:52.700-0800: [GC (Allocation Failure) [PSYoungGen: 305648K->43504K(305664K)] 342302K->147257K(1005056K), 0.0415346 secs] [Times: user=0.04 sys=0.07, real=0.04 secs] 
2021-05-16T13:26:52.776-0800: [GC (Allocation Failure) [PSYoungGen: 305648K->43509K(305664K)] 409401K->214449K(1005056K), 0.0311724 secs] [Times: user=0.04 sys=0.04, real=0.03 secs] 
2021-05-16T13:26:52.840-0800: [GC (Allocation Failure) [PSYoungGen: 305653K->43519K(305664K)] 476593K->291631K(1005056K), 0.0353417 secs] [Times: user=0.06 sys=0.04, real=0.03 secs] 
2021-05-16T13:26:52.907-0800: [GC (Allocation Failure) [PSYoungGen: 305663K->43517K(305664K)] 553775K->365684K(1005056K), 0.0342809 secs] [Times: user=0.05 sys=0.05, real=0.04 secs] 
2021-05-16T13:26:52.984-0800: [GC (Allocation Failure) [PSYoungGen: 305661K->43515K(160256K)] 627828K->438510K(859648K), 0.0330047 secs] [Times: user=0.04 sys=0.04, real=0.03 secs] 
2021-05-16T13:26:53.031-0800: [GC (Allocation Failure) [PSYoungGen: 160251K->73209K(232960K)] 555246K->476066K(932352K), 0.0107962 secs] [Times: user=0.03 sys=0.00, real=0.01 secs] 
2021-05-16T13:26:53.062-0800: [GC (Allocation Failure) [PSYoungGen: 189400K->97521K(232960K)] 592257K->510182K(932352K), 0.0157617 secs] [Times: user=0.05 sys=0.01, real=0.01 secs] 
2021-05-16T13:26:53.093-0800: [GC (Allocation Failure) [PSYoungGen: 214257K->114152K(232960K)] 626918K->542192K(932352K), 0.0191034 secs] [Times: user=0.05 sys=0.01, real=0.02 secs] 
2021-05-16T13:26:53.127-0800: [GC (Allocation Failure) [PSYoungGen: 230888K->75562K(232960K)] 658928K->567009K(932352K), 0.0316736 secs] [Times: user=0.04 sys=0.04, real=0.03 secs] 
2021-05-16T13:26:53.177-0800: [GC (Allocation Failure) [PSYoungGen: 192298K->43727K(232960K)] 683745K->604931K(932352K), 0.0324081 secs] [Times: user=0.04 sys=0.05, real=0.03 secs] 
2021-05-16T13:26:53.223-0800: [GC (Allocation Failure) [PSYoungGen: 160463K->41391K(232960K)] 721667K->639876K(932352K), 0.0229029 secs] [Times: user=0.03 sys=0.03, real=0.02 secs] 
2021-05-16T13:26:53.246-0800: [Full GC (Ergonomics) [PSYoungGen: 41391K->0K(232960K)] [ParOldGen: 598484K->333718K(699392K)] 639876K->333718K(932352K), [Metaspace: 3375K->3375K(1056768K)], 0.0757363 secs] [Times: user=0.11 sys=0.01, real=0.08 secs] 
2021-05-16T13:26:53.344-0800: [GC (Allocation Failure) [PSYoungGen: 116580K->40566K(232960K)] 450299K->374284K(932352K), 0.0077918 secs] [Times: user=0.02 sys=0.00, real=0.01 secs] 
2021-05-16T13:26:53.371-0800: [GC (Allocation Failure) [PSYoungGen: 157302K->37692K(232960K)] 491020K->408941K(932352K), 0.0108091 secs] [Times: user=0.03 sys=0.00, real=0.01 secs] 
执行结束!共生成对象次数:9768
Heap
 PSYoungGen      total 232960K, used 153584K [0x00000007aab00000, 0x00000007c0000000, 0x00000007c0000000)
  eden space 116736K, 99% used [0x00000007aab00000,0x00000007b1c2d0e0,0x00000007b1d00000)
  from space 116224K, 32% used [0x00000007b8e80000,0x00000007bb34f040,0x00000007c0000000)
  to   space 116224K, 0% used [0x00000007b1d00000,0x00000007b1d00000,0x00000007b8e80000)
 ParOldGen       total 699392K, used 371249K [0x0000000780000000, 0x00000007aab00000, 0x00000007aab00000)
  object space 699392K, 53% used [0x0000000780000000,0x0000000796a8c6e0,0x00000007aab00000)
 Metaspace       used 3382K, capacity 4500K, committed 4864K, reserved 1056768K
  class space    used 374K, capacity 388K, committed 512K, reserved 1048576K

Process finished with exit code 0